// Jest Snapshot v1, https://goo.gl/fbAQLP

exports[`InstagramBackground it renders with suspense 1`] = `
<DocumentFragment>
  <div>
    Not Rendered Yet
  </div>
</DocumentFragment>
`;
