// Jest Snapshot v1, https://goo.gl/fbAQLP

exports[`renders 1`] = `
<DocumentFragment>
  <svg
    aria-label="loading"
    height="100"
    stroke="#1089ff"
    viewBox="0 0 38 38"
    width="100"
    xmlns="http://www.w3.org/2000/svg"
  >
    <g
      fill="none"
      fill-rule="evenodd"
    >
      <g
        stroke-width="2"
        transform="translate(1 1)"
      >
        <circle
          cx="18"
          cy="18"
          r="18"
          stroke-opacity=".5"
        />
        <path
          d="M36 18c0-9.94-8.06-18-18-18"
        >
          <animatetransform
            attributeName="transform"
            dur="1s"
            from="0 18 18"
            repeatCount="indefinite"
            to="360 18 18"
            type="rotate"
          />
        </path>
      </g>
    </g>
  </svg>
</DocumentFragment>
`;
