// Jest Snapshot v1, https://goo.gl/fbAQLP

exports[`BackgroundWash renders 1`] = `
<DocumentFragment>
  <div
    class="sc-bdVaJa dnPAEz"
  />
</DocumentFragment>
`;
